Collected 12 tests (test_circular_buffer, test_command_handling, test_eeprom_manager, test_encoder, test_integration, test_math_utils, test_motor_control, test_motor_manager, test_pid_controller, test_safety_monitor, test_system_manager, test_trajectory_planner)

Processing test_circular_buffer in native_test_base environment
--------------------------------------------------------------------------------
Building...
LDF: Library Dependency Finder -> https://bit.ly/configure-pio-ldf
LDF Modes: Finder ~ chain, Compatibility ~ soft
Found 2 compatible libraries
Scanning dependencies...
Dependency Graph
|-- Unity @ 2.6.0 (License: MIT, Path: C:\Projects\MotionControlSystem\.pio\libdeps\native_test_base\Unity)
Building in test mode
g++ -o .pio\build\native_test_base\src\MotorManager.o -c -std=c++11 -DPLATFORMIO=60117 -DUNITY_INCLUDE_CONFIG_H -DPIO_UNIT_TESTING -DUNIT_TEST -DUNITY_INCLUDE_CONFIG_H -I.pio\libdeps\native_test_base\Unity\src -I.pio\build\native_test_base\unity_config -I.pio\build\native_test_base\unity_config -Itest\test_circular_buffer -Itest -Iinclude -Isrc -Itest\include -Itest\include\driver src\MotorManager.cpp
g++ -o .pio\build\native_test_base\src\SystemManager.o -c -std=c++11 -DPLATFORMIO=60117 -DUNITY_INCLUDE_CONFIG_H -DPIO_UNIT_TESTING -DUNIT_TEST -DUNITY_INCLUDE_CONFIG_H -I.pio\libdeps\native_test_base\Unity\src -I.pio\build\native_test_base\unity_config -I.pio\build\native_test_base\unity_config -Itest\test_circular_buffer -Itest -Iinclude -Isrc -Itest\include -Itest\include\driver src\SystemManager.cpp
g++ -o .pio\build\native_test_base\src\communication\CommandProtocol.o -c -std=c++11 -DPLATFORMIO=60117 -DUNITY_INCLUDE_CONFIG_H -DPIO_UNIT_TESTING -DUNIT_TEST -DUNITY_INCLUDE_CONFIG_H -I.pio\libdeps\native_test_base\Unity\src -I.pio\build\native_test_base\unity_config -I.pio\build\native_test_base\unity_config -Itest\test_circular_buffer -Itest -Iinclude -Isrc -Itest\include -Itest\include\driver src\communication\CommandProtocol.cpp
g++ -o .pio\build\native_test_base\src\communication\SerialCommand.o -c -std=c++11 -DPLATFORMIO=60117 -DUNITY_INCLUDE_CONFIG_H -DPIO_UNIT_TESTING -DUNIT_TEST -DUNITY_INCLUDE_CONFIG_H -I.pio\libdeps\native_test_base\Unity\src -I.pio\build\native_test_base\unity_config -I.pio\build\native_test_base\unity_config -Itest\test_circular_buffer -Itest -Iinclude -Isrc -Itest\include -Itest\include\driver src\communication\SerialCommand.cpp
g++ -o .pio\build\native_test_base\src\communication\StatusReporter.o -c -std=c++11 -DPLATFORMIO=60117 -DUNITY_INCLUDE_CONFIG_H -DPIO_UNIT_TESTING -DUNIT_TEST -DUNITY_INCLUDE_CONFIG_H -I.pio\libdeps\native_test_base\Unity\src -I.pio\build\native_test_base\unity_config -I.pio\build\native_test_base\unity_config -Itest\test_circular_buffer -Itest -Iinclude -Isrc -Itest\include -Itest\include\driver src\communication\StatusReporter.cpp
g++ -o .pio\build\native_test_base\src\core\Encoder.o -c -std=c++11 -DPLATFORMIO=60117 -DUNITY_INCLUDE_CONFIG_H -DPIO_UNIT_TESTING -DUNIT_TEST -DUNITY_INCLUDE_CONFIG_H -I.pio\libdeps\native_test_base\Unity\src -I.pio\build\native_test_base\unity_config -I.pio\build\native_test_base\unity_config -Itest\test_circular_buffer -Itest -Iinclude -Isrc -Itest\include -Itest\include\driver src\core\Encoder.cpp
g++ -o .pio\build\native_test_base\src\core\Motor.o -c -std=c++11 -DPLATFORMIO=60117 -DUNITY_INCLUDE_CONFIG_H -DPIO_UNIT_TESTING -DUNIT_TEST -DUNITY_INCLUDE_CONFIG_H -I.pio\libdeps\native_test_base\Unity\src -I.pio\build\native_test_base\unity_config -I.pio\build\native_test_base\unity_config -Itest\test_circular_buffer -Itest -Iinclude -Isrc -Itest\include -Itest\include\driver src\core\Motor.cpp
g++ -o .pio\build\native_test_base\src\core\SafetyMonitor.o -c -std=c++11 -DPLATFORMIO=60117 -DUNITY_INCLUDE_CONFIG_H -DPIO_UNIT_TESTING -DUNIT_TEST -DUNITY_INCLUDE_CONFIG_H -I.pio\libdeps\native_test_base\Unity\src -I.pio\build\native_test_base\unity_config -I.pio\build\native_test_base\unity_config -Itest\test_circular_buffer -Itest -Iinclude -Isrc -Itest\include -Itest\include\driver src\core\SafetyMonitor.cpp
g++ -o .pio\build\native_test_base\src\hardware\GPIOManager.o -c -std=c++11 -DPLATFORMIO=60117 -DUNITY_INCLUDE_CONFIG_H -DPIO_UNIT_TESTING -DUNIT_TEST -DUNITY_INCLUDE_CONFIG_H -I.pio\libdeps\native_test_base\Unity\src -I.pio\build\native_test_base\unity_config -I.pio\build\native_test_base\unity_config -Itest\test_circular_buffer -Itest -Iinclude -Isrc -Itest\include -Itest\include\driver src\hardware\GPIOManager.cpp
g++ -o .pio\build\native_test_base\src\hardware\TimerManager.o -c -std=c++11 -DPLATFORMIO=60117 -DUNITY_INCLUDE_CONFIG_H -DPIO_UNIT_TESTING -DUNIT_TEST -DUNITY_INCLUDE_CONFIG_H -I.pio\libdeps\native_test_base\Unity\src -I.pio\build\native_test_base\unity_config -I.pio\build\native_test_base\unity_config -Itest\test_circular_buffer -Itest -Iinclude -Isrc -Itest\include -Itest\include\driver src\hardware\TimerManager.cpp
g++ -o .pio\build\native_test_base\src\hardware\drivers\StepperDriver.o -c -std=c++11 -DPLATFORMIO=60117 -DUNITY_INCLUDE_CONFIG_H -DPIO_UNIT_TESTING -DUNIT_TEST -DUNITY_INCLUDE_CONFIG_H -I.pio\libdeps\native_test_base\Unity\src -I.pio\build\native_test_base\unity_config -I.pio\build\native_test_base\unity_config -Itest\test_circular_buffer -Itest -Iinclude -Isrc -Itest\include -Itest\include\driver src\hardware\drivers\StepperDriver.cpp
g++ -o .pio\build\native_test_base\src\main.o -c -std=c++11 -DPLATFORMIO=60117 -DUNITY_INCLUDE_CONFIG_H -DPIO_UNIT_TESTING -DUNIT_TEST -DUNITY_INCLUDE_CONFIG_H -I.pio\libdeps\native_test_base\Unity\src -I.pio\build\native_test_base\unity_config -I.pio\build\native_test_base\unity_config -Itest\test_circular_buffer -Itest -Iinclude -Isrc -Itest\include -Itest\include\driver src\main.cpp

Processing test_command_handling in native_test_base environment
--------------------------------------------------------------------------------
Building...
LDF: Library Dependency Finder -> https://bit.ly/configure-pio-ldf
LDF Modes: Finder ~ chain, Compatibility ~ soft
Found 2 compatible libraries
Scanning dependencies...
Dependency Graph
|-- Unity @ 2.6.0 (License: MIT, Path: C:\Projects\MotionControlSystem\.pio\libdeps\native_test_base\Unity)
Building in test mode
g++ -o .pio\build\native_test_base\test\test_command_handling\test_command_handling.o -c -std=c++11 -DPLATFORMIO=60117 -DUNITY_INCLUDE_CONFIG_H -DPIO_UNIT_TESTING -DUNIT_TEST -DUNITY_INCLUDE_CONFIG_H -I.pio\libdeps\native_test_base\Unity\src -I.pio\build\native_test_base\unity_config -I.pio\build\native_test_base\unity_config -Itest\test_command_handling -Itest -Iinclude -Isrc -Itest\include -Itest\include\driver test\test_command_handling\test_command_handling.cpp
g++ -o .pio\build\native_test_base\src\MotorManager.o -c -std=c++11 -DPLATFORMIO=60117 -DUNITY_INCLUDE_CONFIG_H -DPIO_UNIT_TESTING -DUNIT_TEST -DUNITY_INCLUDE_CONFIG_H -I.pio\libdeps\native_test_base\Unity\src -I.pio\build\native_test_base\unity_config -I.pio\build\native_test_base\unity_config -Itest\test_command_handling -Itest -Iinclude -Isrc -Itest\include -Itest\include\driver src\MotorManager.cpp
g++ -o .pio\build\native_test_base\src\SystemManager.o -c -std=c++11 -DPLATFORMIO=60117 -DUNITY_INCLUDE_CONFIG_H -DPIO_UNIT_TESTING -DUNIT_TEST -DUNITY_INCLUDE_CONFIG_H -I.pio\libdeps\native_test_base\Unity\src -I.pio\build\native_test_base\unity_config -I.pio\build\native_test_base\unity_config -Itest\test_command_handling -Itest -Iinclude -Isrc -Itest\include -Itest\include\driver src\SystemManager.cpp
g++ -o .pio\build\native_test_base\src\communication\CommandProtocol.o -c -std=c++11 -DPLATFORMIO=60117 -DUNITY_INCLUDE_CONFIG_H -DPIO_UNIT_TESTING -DUNIT_TEST -DUNITY_INCLUDE_CONFIG_H -I.pio\libdeps\native_test_base\Unity\src -I.pio\build\native_test_base\unity_config -I.pio\build\native_test_base\unity_config -Itest\test_command_handling -Itest -Iinclude -Isrc -Itest\include -Itest\include\driver src\communication\CommandProtocol.cpp
g++ -o .pio\build\native_test_base\src\communication\SerialCommand.o -c -std=c++11 -DPLATFORMIO=60117 -DUNITY_INCLUDE_CONFIG_H -DPIO_UNIT_TESTING -DUNIT_TEST -DUNITY_INCLUDE_CONFIG_H -I.pio\libdeps\native_test_base\Unity\src -I.pio\build\native_test_base\unity_config -I.pio\build\native_test_base\unity_config -Itest\test_command_handling -Itest -Iinclude -Isrc -Itest\include -Itest\include\driver src\communication\SerialCommand.cpp
g++ -o .pio\build\native_test_base\src\communication\StatusReporter.o -c -std=c++11 -DPLATFORMIO=60117 -DUNITY_INCLUDE_CONFIG_H -DPIO_UNIT_TESTING -DUNIT_TEST -DUNITY_INCLUDE_CONFIG_H -I.pio\libdeps\native_test_base\Unity\src -I.pio\build\native_test_base\unity_config -I.pio\build\native_test_base\unity_config -Itest\test_command_handling -Itest -Iinclude -Isrc -Itest\include -Itest\include\driver src\communication\StatusReporter.cpp
g++ -o .pio\build\native_test_base\src\core\Encoder.o -c -std=c++11 -DPLATFORMIO=60117 -DUNITY_INCLUDE_CONFIG_H -DPIO_UNIT_TESTING -DUNIT_TEST -DUNITY_INCLUDE_CONFIG_H -I.pio\libdeps\native_test_base\Unity\src -I.pio\build\native_test_base\unity_config -I.pio\build\native_test_base\unity_config -Itest\test_command_handling -Itest -Iinclude -Isrc -Itest\include -Itest\include\driver src\core\Encoder.cpp
g++ -o .pio\build\native_test_base\src\core\Motor.o -c -std=c++11 -DPLATFORMIO=60117 -DUNITY_INCLUDE_CONFIG_H -DPIO_UNIT_TESTING -DUNIT_TEST -DUNITY_INCLUDE_CONFIG_H -I.pio\libdeps\native_test_base\Unity\src -I.pio\build\native_test_base\unity_config -I.pio\build\native_test_base\unity_config -Itest\test_command_handling -Itest -Iinclude -Isrc -Itest\include -Itest\include\driver src\core\Motor.cpp
g++ -o .pio\build\native_test_base\src\core\SafetyMonitor.o -c -std=c++11 -DPLATFORMIO=60117 -DUNITY_INCLUDE_CONFIG_H -DPIO_UNIT_TESTING -DUNIT_TEST -DUNITY_INCLUDE_CONFIG_H -I.pio\libdeps\native_test_base\Unity\src -I.pio\build\native_test_base\unity_config -I.pio\build\native_test_base\unity_config -Itest\test_command_handling -Itest -Iinclude -Isrc -Itest\include -Itest\include\driver src\core\SafetyMonitor.cpp
g++ -o .pio\build\native_test_base\src\hardware\GPIOManager.o -c -std=c++11 -DPLATFORMIO=60117 -DUNITY_INCLUDE_CONFIG_H -DPIO_UNIT_TESTING -DUNIT_TEST -DUNITY_INCLUDE_CONFIG_H -I.pio\libdeps\native_test_base\Unity\src -I.pio\build\native_test_base\unity_config -I.pio\build\native_test_base\unity_config -Itest\test_command_handling -Itest -Iinclude -Isrc -Itest\include -Itest\include\driver src\hardware\GPIOManager.cpp
g++ -o .pio\build\native_test_base\src\hardware\TimerManager.o -c -std=c++11 -DPLATFORMIO=60117 -DUNITY_INCLUDE_CONFIG_H -DPIO_UNIT_TESTING -DUNIT_TEST -DUNITY_INCLUDE_CONFIG_H -I.pio\libdeps\native_test_base\Unity\src -I.pio\build\native_test_base\unity_config -I.pio\build\native_test_base\unity_config -Itest\test_command_handling -Itest -Iinclude -Isrc -Itest\include -Itest\include\driver src\hardware\TimerManager.cpp
g++ -o .pio\build\native_test_base\src\hardware\drivers\StepperDriver.o -c -std=c++11 -DPLATFORMIO=60117 -DUNITY_INCLUDE_CONFIG_H -DPIO_UNIT_TESTING -DUNIT_TEST -DUNITY_INCLUDE_CONFIG_H -I.pio\libdeps\native_test_base\Unity\src -I.pio\build\native_test_base\unity_config -I.pio\build\native_test_base\unity_config -Itest\test_command_handling -Itest -Iinclude -Isrc -Itest\include -Itest\include\driver src\hardware\drivers\StepperDriver.cpp

Processing test_eeprom_manager in native_test_base environment
--------------------------------------------------------------------------------
Building...
LDF: Library Dependency Finder -> https://bit.ly/configure-pio-ldf
LDF Modes: Finder ~ chain, Compatibility ~ soft
Found 2 compatible libraries
Scanning dependencies...
Dependency Graph
|-- Unity @ 2.6.0 (License: MIT, Path: C:\Projects\MotionControlSystem\.pio\libdeps\native_test_base\Unity)
Building in test mode
g++ -o .pio\build\native_test_base\test\test_eeprom_manager\test_eeprom_manager.o -c -std=c++11 -DPLATFORMIO=60117 -DUNITY_INCLUDE_CONFIG_H -DPIO_UNIT_TESTING -DUNIT_TEST -DUNITY_INCLUDE_CONFIG_H -I.pio\libdeps\native_test_base\Unity\src -I.pio\build\native_test_base\unity_config -I.pio\build\native_test_base\unity_config -Itest\test_eeprom_manager -Itest -Iinclude -Isrc -Itest\include -Itest\include\driver test\test_eeprom_manager\test_eeprom_manager.cpp
g++ -o .pio\build\native_test_base\src\MotorManager.o -c -std=c++11 -DPLATFORMIO=60117 -DUNITY_INCLUDE_CONFIG_H -DPIO_UNIT_TESTING -DUNIT_TEST -DUNITY_INCLUDE_CONFIG_H -I.pio\libdeps\native_test_base\Unity\src -I.pio\build\native_test_base\unity_config -I.pio\build\native_test_base\unity_config -Itest\test_eeprom_manager -Itest -Iinclude -Isrc -Itest\include -Itest\include\driver src\MotorManager.cpp
g++ -o .pio\build\native_test_base\src\SystemManager.o -c -std=c++11 -DPLATFORMIO=60117 -DUNITY_INCLUDE_CONFIG_H -DPIO_UNIT_TESTING -DUNIT_TEST -DUNITY_INCLUDE_CONFIG_H -I.pio\libdeps\native_test_base\Unity\src -I.pio\build\native_test_base\unity_config -I.pio\build\native_test_base\unity_config -Itest\test_eeprom_manager -Itest -Iinclude -Isrc -Itest\include -Itest\include\driver src\SystemManager.cpp
g++ -o .pio\build\native_test_base\src\communication\CommandProtocol.o -c -std=c++11 -DPLATFORMIO=60117 -DUNITY_INCLUDE_CONFIG_H -DPIO_UNIT_TESTING -DUNIT_TEST -DUNITY_INCLUDE_CONFIG_H -I.pio\libdeps\native_test_base\Unity\src -I.pio\build\native_test_base\unity_config -I.pio\build\native_test_base\unity_config -Itest\test_eeprom_manager -Itest -Iinclude -Isrc -Itest\include -Itest\include\driver src\communication\CommandProtocol.cpp
g++ -o .pio\build\native_test_base\src\communication\SerialCommand.o -c -std=c++11 -DPLATFORMIO=60117 -DUNITY_INCLUDE_CONFIG_H -DPIO_UNIT_TESTING -DUNIT_TEST -DUNITY_INCLUDE_CONFIG_H -I.pio\libdeps\native_test_base\Unity\src -I.pio\build\native_test_base\unity_config -I.pio\build\native_test_base\unity_config -Itest\test_eeprom_manager -Itest -Iinclude -Isrc -Itest\include -Itest\include\driver src\communication\SerialCommand.cpp
g++ -o .pio\build\native_test_base\src\communication\StatusReporter.o -c -std=c++11 -DPLATFORMIO=60117 -DUNITY_INCLUDE_CONFIG_H -DPIO_UNIT_TESTING -DUNIT_TEST -DUNITY_INCLUDE_CONFIG_H -I.pio\libdeps\native_test_base\Unity\src -I.pio\build\native_test_base\unity_config -I.pio\build\native_test_base\unity_config -Itest\test_eeprom_manager -Itest -Iinclude -Isrc -Itest\include -Itest\include\driver src\communication\StatusReporter.cpp
g++ -o .pio\build\native_test_base\src\core\Encoder.o -c -std=c++11 -DPLATFORMIO=60117 -DUNITY_INCLUDE_CONFIG_H -DPIO_UNIT_TESTING -DUNIT_TEST -DUNITY_INCLUDE_CONFIG_H -I.pio\libdeps\native_test_base\Unity\src -I.pio\build\native_test_base\unity_config -I.pio\build\native_test_base\unity_config -Itest\test_eeprom_manager -Itest -Iinclude -Isrc -Itest\include -Itest\include\driver src\core\Encoder.cpp
g++ -o .pio\build\native_test_base\src\core\Motor.o -c -std=c++11 -DPLATFORMIO=60117 -DUNITY_INCLUDE_CONFIG_H -DPIO_UNIT_TESTING -DUNIT_TEST -DUNITY_INCLUDE_CONFIG_H -I.pio\libdeps\native_test_base\Unity\src -I.pio\build\native_test_base\unity_config -I.pio\build\native_test_base\unity_config -Itest\test_eeprom_manager -Itest -Iinclude -Isrc -Itest\include -Itest\include\driver src\core\Motor.cpp
g++ -o .pio\build\native_test_base\src\core\SafetyMonitor.o -c -std=c++11 -DPLATFORMIO=60117 -DUNITY_INCLUDE_CONFIG_H -DPIO_UNIT_TESTING -DUNIT_TEST -DUNITY_INCLUDE_CONFIG_H -I.pio\libdeps\native_test_base\Unity\src -I.pio\build\native_test_base\unity_config -I.pio\build\native_test_base\unity_config -Itest\test_eeprom_manager -Itest -Iinclude -Isrc -Itest\include -Itest\include\driver src\core\SafetyMonitor.cpp
g++ -o .pio\build\native_test_base\src\hardware\GPIOManager.o -c -std=c++11 -DPLATFORMIO=60117 -DUNITY_INCLUDE_CONFIG_H -DPIO_UNIT_TESTING -DUNIT_TEST -DUNITY_INCLUDE_CONFIG_H -I.pio\libdeps\native_test_base\Unity\src -I.pio\build\native_test_base\unity_config -I.pio\build\native_test_base\unity_config -Itest\test_eeprom_manager -Itest -Iinclude -Isrc -Itest\include -Itest\include\driver src\hardware\GPIOManager.cpp
g++ -o .pio\build\native_test_base\src\hardware\TimerManager.o -c -std=c++11 -DPLATFORMIO=60117 -DUNITY_INCLUDE_CONFIG_H -DPIO_UNIT_TESTING -DUNIT_TEST -DUNITY_INCLUDE_CONFIG_H -I.pio\libdeps\native_test_base\Unity\src -I.pio\build\native_test_base\unity_config -I.pio\build\native_test_base\unity_config -Itest\test_eeprom_manager -Itest -Iinclude -Isrc -Itest\include -Itest\include\driver src\hardware\TimerManager.cpp
g++ -o .pio\build\native_test_base\src\hardware\drivers\StepperDriver.o -c -std=c++11 -DPLATFORMIO=60117 -DUNITY_INCLUDE_CONFIG_H -DPIO_UNIT_TESTING -DUNIT_TEST -DUNITY_INCLUDE_CONFIG_H -I.pio\libdeps\native_test_base\Unity\src -I.pio\build\native_test_base\unity_config -I.pio\build\native_test_base\unity_config -Itest\test_eeprom_manager -Itest -Iinclude -Isrc -Itest\include -Itest\include\driver src\hardware\drivers\StepperDriver.cpp

Processing test_encoder in native_test_base environment
--------------------------------------------------------------------------------
Building...
LDF: Library Dependency Finder -> https://bit.ly/configure-pio-ldf
LDF Modes: Finder ~ chain, Compatibility ~ soft
Found 2 compatible libraries
Scanning dependencies...
Dependency Graph
|-- Unity @ 2.6.0 (License: MIT, Path: C:\Projects\MotionControlSystem\.pio\libdeps\native_test_base\Unity)
Building in test mode
g++ -o .pio\build\native_test_base\test\test_encoder\test_encoder.o -c -std=c++11 -DPLATFORMIO=60117 -DUNITY_INCLUDE_CONFIG_H -DPIO_UNIT_TESTING -DUNIT_TEST -DUNITY_INCLUDE_CONFIG_H -I.pio\libdeps\native_test_base\Unity\src -I.pio\build\native_test_base\unity_config -I.pio\build\native_test_base\unity_config -Itest\test_encoder -Itest -Iinclude -Isrc -Itest\include -Itest\include\driver test\test_encoder\test_encoder.cpp
g++ -o .pio\build\native_test_base\src\MotorManager.o -c -std=c++11 -DPLATFORMIO=60117 -DUNITY_INCLUDE_CONFIG_H -DPIO_UNIT_TESTING -DUNIT_TEST -DUNITY_INCLUDE_CONFIG_H -I.pio\libdeps\native_test_base\Unity\src -I.pio\build\native_test_base\unity_config -I.pio\build\native_test_base\unity_config -Itest\test_encoder -Itest -Iinclude -Isrc -Itest\include -Itest\include\driver src\MotorManager.cpp
g++ -o .pio\build\native_test_base\src\SystemManager.o -c -std=c++11 -DPLATFORMIO=60117 -DUNITY_INCLUDE_CONFIG_H -DPIO_UNIT_TESTING -DUNIT_TEST -DUNITY_INCLUDE_CONFIG_H -I.pio\libdeps\native_test_base\Unity\src -I.pio\build\native_test_base\unity_config -I.pio\build\native_test_base\unity_config -Itest\test_encoder -Itest -Iinclude -Isrc -Itest\include -Itest\include\driver src\SystemManager.cpp
g++ -o .pio\build\native_test_base\src\communication\CommandProtocol.o -c -std=c++11 -DPLATFORMIO=60117 -DUNITY_INCLUDE_CONFIG_H -DPIO_UNIT_TESTING -DUNIT_TEST -DUNITY_INCLUDE_CONFIG_H -I.pio\libdeps\native_test_base\Unity\src -I.pio\build\native_test_base\unity_config -I.pio\build\native_test_base\unity_config -Itest\test_encoder -Itest -Iinclude -Isrc -Itest\include -Itest\include\driver src\communication\CommandProtocol.cpp
g++ -o .pio\build\native_test_base\src\communication\SerialCommand.o -c -std=c++11 -DPLATFORMIO=60117 -DUNITY_INCLUDE_CONFIG_H -DPIO_UNIT_TESTING -DUNIT_TEST -DUNITY_INCLUDE_CONFIG_H -I.pio\libdeps\native_test_base\Unity\src -I.pio\build\native_test_base\unity_config -I.pio\build\native_test_base\unity_config -Itest\test_encoder -Itest -Iinclude -Isrc -Itest\include -Itest\include\driver src\communication\SerialCommand.cpp
g++ -o .pio\build\native_test_base\src\communication\StatusReporter.o -c -std=c++11 -DPLATFORMIO=60117 -DUNITY_INCLUDE_CONFIG_H -DPIO_UNIT_TESTING -DUNIT_TEST -DUNITY_INCLUDE_CONFIG_H -I.pio\libdeps\native_test_base\Unity\src -I.pio\build\native_test_base\unity_config -I.pio\build\native_test_base\unity_config -Itest\test_encoder -Itest -Iinclude -Isrc -Itest\include -Itest\include\driver src\communication\StatusReporter.cpp
g++ -o .pio\build\native_test_base\src\core\Encoder.o -c -std=c++11 -DPLATFORMIO=60117 -DUNITY_INCLUDE_CONFIG_H -DPIO_UNIT_TESTING -DUNIT_TEST -DUNITY_INCLUDE_CONFIG_H -I.pio\libdeps\native_test_base\Unity\src -I.pio\build\native_test_base\unity_config -I.pio\build\native_test_base\unity_config -Itest\test_encoder -Itest -Iinclude -Isrc -Itest\include -Itest\include\driver src\core\Encoder.cpp
g++ -o .pio\build\native_test_base\src\core\Motor.o -c -std=c++11 -DPLATFORMIO=60117 -DUNITY_INCLUDE_CONFIG_H -DPIO_UNIT_TESTING -DUNIT_TEST -DUNITY_INCLUDE_CONFIG_H -I.pio\libdeps\native_test_base\Unity\src -I.pio\build\native_test_base\unity_config -I.pio\build\native_test_base\unity_config -Itest\test_encoder -Itest -Iinclude -Isrc -Itest\include -Itest\include\driver src\core\Motor.cpp
g++ -o .pio\build\native_test_base\src\core\SafetyMonitor.o -c -std=c++11 -DPLATFORMIO=60117 -DUNITY_INCLUDE_CONFIG_H -DPIO_UNIT_TESTING -DUNIT_TEST -DUNITY_INCLUDE_CONFIG_H -I.pio\libdeps\native_test_base\Unity\src -I.pio\build\native_test_base\unity_config -I.pio\build\native_test_base\unity_config -Itest\test_encoder -Itest -Iinclude -Isrc -Itest\include -Itest\include\driver src\core\SafetyMonitor.cpp
g++ -o .pio\build\native_test_base\src\hardware\GPIOManager.o -c -std=c++11 -DPLATFORMIO=60117 -DUNITY_INCLUDE_CONFIG_H -DPIO_UNIT_TESTING -DUNIT_TEST -DUNITY_INCLUDE_CONFIG_H -I.pio\libdeps\native_test_base\Unity\src -I.pio\build\native_test_base\unity_config -I.pio\build\native_test_base\unity_config -Itest\test_encoder -Itest -Iinclude -Isrc -Itest\include -Itest\include\driver src\hardware\GPIOManager.cpp
g++ -o .pio\build\native_test_base\src\hardware\TimerManager.o -c -std=c++11 -DPLATFORMIO=60117 -DUNITY_INCLUDE_CONFIG_H -DPIO_UNIT_TESTING -DUNIT_TEST -DUNITY_INCLUDE_CONFIG_H -I.pio\libdeps\native_test_base\Unity\src -I.pio\build\native_test_base\unity_config -I.pio\build\native_test_base\unity_config -Itest\test_encoder -Itest -Iinclude -Isrc -Itest\include -Itest\include\driver src\hardware\TimerManager.cpp
g++ -o .pio\build\native_test_base\src\hardware\drivers\StepperDriver.o -c -std=c++11 -DPLATFORMIO=60117 -DUNITY_INCLUDE_CONFIG_H -DPIO_UNIT_TESTING -DUNIT_TEST -DUNITY_INCLUDE_CONFIG_H -I.pio\libdeps\native_test_base\Unity\src -I.pio\build\native_test_base\unity_config -I.pio\build\native_test_base\unity_config -Itest\test_encoder -Itest -Iinclude -Isrc -Itest\include -Itest\include\driver src\hardware\drivers\StepperDriver.cpp

Processing test_integration in native_test_base environment
--------------------------------------------------------------------------------
Building...
LDF: Library Dependency Finder -> https://bit.ly/configure-pio-ldf
LDF Modes: Finder ~ chain, Compatibility ~ soft
Found 2 compatible libraries
Scanning dependencies...
Dependency Graph
|-- Unity @ 2.6.0 (License: MIT, Path: C:\Projects\MotionControlSystem\.pio\libdeps\native_test_base\Unity)
Building in test mode
g++ -o .pio\build\native_test_base\test\test_integration\test_motion_profiles.o -c -std=c++11 -DPLATFORMIO=60117 -DUNITY_INCLUDE_CONFIG_H -DPIO_UNIT_TESTING -DUNIT_TEST -DUNITY_INCLUDE_CONFIG_H -I.pio\libdeps\native_test_base\Unity\src -I.pio\build\native_test_base\unity_config -I.pio\build\native_test_base\unity_config -Itest\test_integration -Itest -Iinclude -Isrc -Itest\include -Itest\include\driver test\test_integration\test_motion_profiles.cpp
g++ -o .pio\build\native_test_base\test\test_integration\test_multi_motor_sync.o -c -std=c++11 -DPLATFORMIO=60117 -DUNITY_INCLUDE_CONFIG_H -DPIO_UNIT_TESTING -DUNIT_TEST -DUNITY_INCLUDE_CONFIG_H -I.pio\libdeps\native_test_base\Unity\src -I.pio\build\native_test_base\unity_config -I.pio\build\native_test_base\unity_config -Itest\test_integration -Itest -Iinclude -Isrc -Itest\include -Itest\include\driver test\test_integration\test_multi_motor_sync.cpp
g++ -o .pio\build\native_test_base\test\test_integration\test_power_recovery.o -c -std=c++11 -DPLATFORMIO=60117 -DUNITY_INCLUDE_CONFIG_H -DPIO_UNIT_TESTING -DUNIT_TEST -DUNITY_INCLUDE_CONFIG_H -I.pio\libdeps\native_test_base\Unity\src -I.pio\build\native_test_base\unity_config -I.pio\build\native_test_base\unity_config -Itest\test_integration -Itest -Iinclude -Isrc -Itest\include -Itest\include\driver test\test_integration\test_power_recovery.cpp
g++ -o .pio\build\native_test_base\src\MotorManager.o -c -std=c++11 -DPLATFORMIO=60117 -DUNITY_INCLUDE_CONFIG_H -DPIO_UNIT_TESTING -DUNIT_TEST -DUNITY_INCLUDE_CONFIG_H -I.pio\libdeps\native_test_base\Unity\src -I.pio\build\native_test_base\unity_config -I.pio\build\native_test_base\unity_config -Itest\test_integration -Itest -Iinclude -Isrc -Itest\include -Itest\include\driver src\MotorManager.cpp
g++ -o .pio\build\native_test_base\src\SystemManager.o -c -std=c++11 -DPLATFORMIO=60117 -DUNITY_INCLUDE_CONFIG_H -DPIO_UNIT_TESTING -DUNIT_TEST -DUNITY_INCLUDE_CONFIG_H -I.pio\libdeps\native_test_base\Unity\src -I.pio\build\native_test_base\unity_config -I.pio\build\native_test_base\unity_config -Itest\test_integration -Itest -Iinclude -Isrc -Itest\include -Itest\include\driver src\SystemManager.cpp
g++ -o .pio\build\native_test_base\src\communication\CommandProtocol.o -c -std=c++11 -DPLATFORMIO=60117 -DUNITY_INCLUDE_CONFIG_H -DPIO_UNIT_TESTING -DUNIT_TEST -DUNITY_INCLUDE_CONFIG_H -I.pio\libdeps\native_test_base\Unity\src -I.pio\build\native_test_base\unity_config -I.pio\build\native_test_base\unity_config -Itest\test_integration -Itest -Iinclude -Isrc -Itest\include -Itest\include\driver src\communication\CommandProtocol.cpp
g++ -o .pio\build\native_test_base\src\communication\SerialCommand.o -c -std=c++11 -DPLATFORMIO=60117 -DUNITY_INCLUDE_CONFIG_H -DPIO_UNIT_TESTING -DUNIT_TEST -DUNITY_INCLUDE_CONFIG_H -I.pio\libdeps\native_test_base\Unity\src -I.pio\build\native_test_base\unity_config -I.pio\build\native_test_base\unity_config -Itest\test_integration -Itest -Iinclude -Isrc -Itest\include -Itest\include\driver src\communication\SerialCommand.cpp
g++ -o .pio\build\native_test_base\src\communication\StatusReporter.o -c -std=c++11 -DPLATFORMIO=60117 -DUNITY_INCLUDE_CONFIG_H -DPIO_UNIT_TESTING -DUNIT_TEST -DUNITY_INCLUDE_CONFIG_H -I.pio\libdeps\native_test_base\Unity\src -I.pio\build\native_test_base\unity_config -I.pio\build\native_test_base\unity_config -Itest\test_integration -Itest -Iinclude -Isrc -Itest\include -Itest\include\driver src\communication\StatusReporter.cpp
g++ -o .pio\build\native_test_base\src\core\Encoder.o -c -std=c++11 -DPLATFORMIO=60117 -DUNITY_INCLUDE_CONFIG_H -DPIO_UNIT_TESTING -DUNIT_TEST -DUNITY_INCLUDE_CONFIG_H -I.pio\libdeps\native_test_base\Unity\src -I.pio\build\native_test_base\unity_config -I.pio\build\native_test_base\unity_config -Itest\test_integration -Itest -Iinclude -Isrc -Itest\include -Itest\include\driver src\core\Encoder.cpp
g++ -o .pio\build\native_test_base\src\core\Motor.o -c -std=c++11 -DPLATFORMIO=60117 -DUNITY_INCLUDE_CONFIG_H -DPIO_UNIT_TESTING -DUNIT_TEST -DUNITY_INCLUDE_CONFIG_H -I.pio\libdeps\native_test_base\Unity\src -I.pio\build\native_test_base\unity_config -I.pio\build\native_test_base\unity_config -Itest\test_integration -Itest -Iinclude -Isrc -Itest\include -Itest\include\driver src\core\Motor.cpp
g++ -o .pio\build\native_test_base\src\core\SafetyMonitor.o -c -std=c++11 -DPLATFORMIO=60117 -DUNITY_INCLUDE_CONFIG_H -DPIO_UNIT_TESTING -DUNIT_TEST -DUNITY_INCLUDE_CONFIG_H -I.pio\libdeps\native_test_base\Unity\src -I.pio\build\native_test_base\unity_config -I.pio\build\native_test_base\unity_config -Itest\test_integration -Itest -Iinclude -Isrc -Itest\include -Itest\include\driver src\core\SafetyMonitor.cpp
g++ -o .pio\build\native_test_base\src\hardware\GPIOManager.o -c -std=c++11 -DPLATFORMIO=60117 -DUNITY_INCLUDE_CONFIG_H -DPIO_UNIT_TESTING -DUNIT_TEST -DUNITY_INCLUDE_CONFIG_H -I.pio\libdeps\native_test_base\Unity\src -I.pio\build\native_test_base\unity_config -I.pio\build\native_test_base\unity_config -Itest\test_integration -Itest -Iinclude -Isrc -Itest\include -Itest\include\driver src\hardware\GPIOManager.cpp

Processing test_math_utils in native_test_base environment
--------------------------------------------------------------------------------
Building...
LDF: Library Dependency Finder -> https://bit.ly/configure-pio-ldf
LDF Modes: Finder ~ chain, Compatibility ~ soft
Found 2 compatible libraries
Scanning dependencies...
Dependency Graph
|-- Unity @ 2.6.0 (License: MIT, Path: C:\Projects\MotionControlSystem\.pio\libdeps\native_test_base\Unity)
Building in test mode
g++ -o .pio\build\native_test_base\src\MotorManager.o -c -std=c++11 -DPLATFORMIO=60117 -DUNITY_INCLUDE_CONFIG_H -DPIO_UNIT_TESTING -DUNIT_TEST -DUNITY_INCLUDE_CONFIG_H -I.pio\libdeps\native_test_base\Unity\src -I.pio\build\native_test_base\unity_config -I.pio\build\native_test_base\unity_config -Itest\test_math_utils -Itest -Iinclude -Isrc -Itest\include -Itest\include\driver src\MotorManager.cpp
g++ -o .pio\build\native_test_base\src\SystemManager.o -c -std=c++11 -DPLATFORMIO=60117 -DUNITY_INCLUDE_CONFIG_H -DPIO_UNIT_TESTING -DUNIT_TEST -DUNITY_INCLUDE_CONFIG_H -I.pio\libdeps\native_test_base\Unity\src -I.pio\build\native_test_base\unity_config -I.pio\build\native_test_base\unity_config -Itest\test_math_utils -Itest -Iinclude -Isrc -Itest\include -Itest\include\driver src\SystemManager.cpp
g++ -o .pio\build\native_test_base\src\communication\CommandProtocol.o -c -std=c++11 -DPLATFORMIO=60117 -DUNITY_INCLUDE_CONFIG_H -DPIO_UNIT_TESTING -DUNIT_TEST -DUNITY_INCLUDE_CONFIG_H -I.pio\libdeps\native_test_base\Unity\src -I.pio\build\native_test_base\unity_config -I.pio\build\native_test_base\unity_config -Itest\test_math_utils -Itest -Iinclude -Isrc -Itest\include -Itest\include\driver src\communication\CommandProtocol.cpp
g++ -o .pio\build\native_test_base\src\communication\SerialCommand.o -c -std=c++11 -DPLATFORMIO=60117 -DUNITY_INCLUDE_CONFIG_H -DPIO_UNIT_TESTING -DUNIT_TEST -DUNITY_INCLUDE_CONFIG_H -I.pio\libdeps\native_test_base\Unity\src -I.pio\build\native_test_base\unity_config -I.pio\build\native_test_base\unity_config -Itest\test_math_utils -Itest -Iinclude -Isrc -Itest\include -Itest\include\driver src\communication\SerialCommand.cpp
g++ -o .pio\build\native_test_base\src\communication\StatusReporter.o -c -std=c++11 -DPLATFORMIO=60117 -DUNITY_INCLUDE_CONFIG_H -DPIO_UNIT_TESTING -DUNIT_TEST -DUNITY_INCLUDE_CONFIG_H -I.pio\libdeps\native_test_base\Unity\src -I.pio\build\native_test_base\unity_config -I.pio\build\native_test_base\unity_config -Itest\test_math_utils -Itest -Iinclude -Isrc -Itest\include -Itest\include\driver src\communication\StatusReporter.cpp
g++ -o .pio\build\native_test_base\src\core\Encoder.o -c -std=c++11 -DPLATFORMIO=60117 -DUNITY_INCLUDE_CONFIG_H -DPIO_UNIT_TESTING -DUNIT_TEST -DUNITY_INCLUDE_CONFIG_H -I.pio\libdeps\native_test_base\Unity\src -I.pio\build\native_test_base\unity_config -I.pio\build\native_test_base\unity_config -Itest\test_math_utils -Itest -Iinclude -Isrc -Itest\include -Itest\include\driver src\core\Encoder.cpp
g++ -o .pio\build\native_test_base\src\core\Motor.o -c -std=c++11 -DPLATFORMIO=60117 -DUNITY_INCLUDE_CONFIG_H -DPIO_UNIT_TESTING -DUNIT_TEST -DUNITY_INCLUDE_CONFIG_H -I.pio\libdeps\native_test_base\Unity\src -I.pio\build\native_test_base\unity_config -I.pio\build\native_test_base\unity_config -Itest\test_math_utils -Itest -Iinclude -Isrc -Itest\include -Itest\include\driver src\core\Motor.cpp
g++ -o .pio\build\native_test_base\src\core\SafetyMonitor.o -c -std=c++11 -DPLATFORMIO=60117 -DUNITY_INCLUDE_CONFIG_H -DPIO_UNIT_TESTING -DUNIT_TEST -DUNITY_INCLUDE_CONFIG_H -I.pio\libdeps\native_test_base\Unity\src -I.pio\build\native_test_base\unity_config -I.pio\build\native_test_base\unity_config -Itest\test_math_utils -Itest -Iinclude -Isrc -Itest\include -Itest\include\driver src\core\SafetyMonitor.cpp
g++ -o .pio\build\native_test_base\src\hardware\GPIOManager.o -c -std=c++11 -DPLATFORMIO=60117 -DUNITY_INCLUDE_CONFIG_H -DPIO_UNIT_TESTING -DUNIT_TEST -DUNITY_INCLUDE_CONFIG_H -I.pio\libdeps\native_test_base\Unity\src -I.pio\build\native_test_base\unity_config -I.pio\build\native_test_base\unity_config -Itest\test_math_utils -Itest -Iinclude -Isrc -Itest\include -Itest\include\driver src\hardware\GPIOManager.cpp
g++ -o .pio\build\native_test_base\src\hardware\TimerManager.o -c -std=c++11 -DPLATFORMIO=60117 -DUNITY_INCLUDE_CONFIG_H -DPIO_UNIT_TESTING -DUNIT_TEST -DUNITY_INCLUDE_CONFIG_H -I.pio\libdeps\native_test_base\Unity\src -I.pio\build\native_test_base\unity_config -I.pio\build\native_test_base\unity_config -Itest\test_math_utils -Itest -Iinclude -Isrc -Itest\include -Itest\include\driver src\hardware\TimerManager.cpp
g++ -o .pio\build\native_test_base\src\hardware\drivers\StepperDriver.o -c -std=c++11 -DPLATFORMIO=60117 -DUNITY_INCLUDE_CONFIG_H -DPIO_UNIT_TESTING -DUNIT_TEST -DUNITY_INCLUDE_CONFIG_H -I.pio\libdeps\native_test_base\Unity\src -I.pio\build\native_test_base\unity_config -I.pio\build\native_test_base\unity_config -Itest\test_math_utils -Itest -Iinclude -Isrc -Itest\include -Itest\include\driver src\hardware\drivers\StepperDriver.cpp
g++ -o .pio\build\native_test_base\src\main.o -c -std=c++11 -DPLATFORMIO=60117 -DUNITY_INCLUDE_CONFIG_H -DPIO_UNIT_TESTING -DUNIT_TEST -DUNITY_INCLUDE_CONFIG_H -I.pio\libdeps\native_test_base\Unity\src -I.pio\build\native_test_base\unity_config -I.pio\build\native_test_base\unity_config -Itest\test_math_utils -Itest -Iinclude -Isrc -Itest\include -Itest\include\driver src\main.cpp

Processing test_motor_control in native_test_base environment
--------------------------------------------------------------------------------
Building...
LDF: Library Dependency Finder -> https://bit.ly/configure-pio-ldf
LDF Modes: Finder ~ chain, Compatibility ~ soft
Found 2 compatible libraries
Scanning dependencies...
Dependency Graph
|-- Unity @ 2.6.0 (License: MIT, Path: C:\Projects\MotionControlSystem\.pio\libdeps\native_test_base\Unity)
Building in test mode
g++ -o .pio\build\native_test_base\src\MotorManager.o -c -std=c++11 -DPLATFORMIO=60117 -DUNITY_INCLUDE_CONFIG_H -DPIO_UNIT_TESTING -DUNIT_TEST -DUNITY_INCLUDE_CONFIG_H -I.pio\libdeps\native_test_base\Unity\src -I.pio\build\native_test_base\unity_config -I.pio\build\native_test_base\unity_config -Itest\test_motor_control -Itest -Iinclude -Isrc -Itest\include -Itest\include\driver src\MotorManager.cpp
g++ -o .pio\build\native_test_base\src\SystemManager.o -c -std=c++11 -DPLATFORMIO=60117 -DUNITY_INCLUDE_CONFIG_H -DPIO_UNIT_TESTING -DUNIT_TEST -DUNITY_INCLUDE_CONFIG_H -I.pio\libdeps\native_test_base\Unity\src -I.pio\build\native_test_base\unity_config -I.pio\build\native_test_base\unity_config -Itest\test_motor_control -Itest -Iinclude -Isrc -Itest\include -Itest\include\driver src\SystemManager.cpp
g++ -o .pio\build\native_test_base\src\communication\CommandProtocol.o -c -std=c++11 -DPLATFORMIO=60117 -DUNITY_INCLUDE_CONFIG_H -DPIO_UNIT_TESTING -DUNIT_TEST -DUNITY_INCLUDE_CONFIG_H -I.pio\libdeps\native_test_base\Unity\src -I.pio\build\native_test_base\unity_config -I.pio\build\native_test_base\unity_config -Itest\test_motor_control -Itest -Iinclude -Isrc -Itest\include -Itest\include\driver src\communication\CommandProtocol.cpp
g++ -o .pio\build\native_test_base\src\communication\SerialCommand.o -c -std=c++11 -DPLATFORMIO=60117 -DUNITY_INCLUDE_CONFIG_H -DPIO_UNIT_TESTING -DUNIT_TEST -DUNITY_INCLUDE_CONFIG_H -I.pio\libdeps\native_test_base\Unity\src -I.pio\build\native_test_base\unity_config -I.pio\build\native_test_base\unity_config -Itest\test_motor_control -Itest -Iinclude -Isrc -Itest\include -Itest\include\driver src\communication\SerialCommand.cpp
g++ -o .pio\build\native_test_base\src\communication\StatusReporter.o -c -std=c++11 -DPLATFORMIO=60117 -DUNITY_INCLUDE_CONFIG_H -DPIO_UNIT_TESTING -DUNIT_TEST -DUNITY_INCLUDE_CONFIG_H -I.pio\libdeps\native_test_base\Unity\src -I.pio\build\native_test_base\unity_config -I.pio\build\native_test_base\unity_config -Itest\test_motor_control -Itest -Iinclude -Isrc -Itest\include -Itest\include\driver src\communication\StatusReporter.cpp
g++ -o .pio\build\native_test_base\src\core\Encoder.o -c -std=c++11 -DPLATFORMIO=60117 -DUNITY_INCLUDE_CONFIG_H -DPIO_UNIT_TESTING -DUNIT_TEST -DUNITY_INCLUDE_CONFIG_H -I.pio\libdeps\native_test_base\Unity\src -I.pio\build\native_test_base\unity_config -I.pio\build\native_test_base\unity_config -Itest\test_motor_control -Itest -Iinclude -Isrc -Itest\include -Itest\include\driver src\core\Encoder.cpp
g++ -o .pio\build\native_test_base\src\core\Motor.o -c -std=c++11 -DPLATFORMIO=60117 -DUNITY_INCLUDE_CONFIG_H -DPIO_UNIT_TESTING -DUNIT_TEST -DUNITY_INCLUDE_CONFIG_H -I.pio\libdeps\native_test_base\Unity\src -I.pio\build\native_test_base\unity_config -I.pio\build\native_test_base\unity_config -Itest\test_motor_control -Itest -Iinclude -Isrc -Itest\include -Itest\include\driver src\core\Motor.cpp
g++ -o .pio\build\native_test_base\src\core\SafetyMonitor.o -c -std=c++11 -DPLATFORMIO=60117 -DUNITY_INCLUDE_CONFIG_H -DPIO_UNIT_TESTING -DUNIT_TEST -DUNITY_INCLUDE_CONFIG_H -I.pio\libdeps\native_test_base\Unity\src -I.pio\build\native_test_base\unity_config -I.pio\build\native_test_base\unity_config -Itest\test_motor_control -Itest -Iinclude -Isrc -Itest\include -Itest\include\driver src\core\SafetyMonitor.cpp
g++ -o .pio\build\native_test_base\src\hardware\GPIOManager.o -c -std=c++11 -DPLATFORMIO=60117 -DUNITY_INCLUDE_CONFIG_H -DPIO_UNIT_TESTING -DUNIT_TEST -DUNITY_INCLUDE_CONFIG_H -I.pio\libdeps\native_test_base\Unity\src -I.pio\build\native_test_base\unity_config -I.pio\build\native_test_base\unity_config -Itest\test_motor_control -Itest -Iinclude -Isrc -Itest\include -Itest\include\driver src\hardware\GPIOManager.cpp
g++ -o .pio\build\native_test_base\src\hardware\TimerManager.o -c -std=c++11 -DPLATFORMIO=60117 -DUNITY_INCLUDE_CONFIG_H -DPIO_UNIT_TESTING -DUNIT_TEST -DUNITY_INCLUDE_CONFIG_H -I.pio\libdeps\native_test_base\Unity\src -I.pio\build\native_test_base\unity_config -I.pio\build\native_test_base\unity_config -Itest\test_motor_control -Itest -Iinclude -Isrc -Itest\include -Itest\include\driver src\hardware\TimerManager.cpp
g++ -o .pio\build\native_test_base\src\hardware\drivers\StepperDriver.o -c -std=c++11 -DPLATFORMIO=60117 -DUNITY_INCLUDE_CONFIG_H -DPIO_UNIT_TESTING -DUNIT_TEST -DUNITY_INCLUDE_CONFIG_H -I.pio\libdeps\native_test_base\Unity\src -I.pio\build\native_test_base\unity_config -I.pio\build\native_test_base\unity_config -Itest\test_motor_control -Itest -Iinclude -Isrc -Itest\include -Itest\include\driver src\hardware\drivers\StepperDriver.cpp
g++ -o .pio\build\native_test_base\src\main.o -c -std=c++11 -DPLATFORMIO=60117 -DUNITY_INCLUDE_CONFIG_H -DPIO_UNIT_TESTING -DUNIT_TEST -DUNITY_INCLUDE_CONFIG_H -I.pio\libdeps\native_test_base\Unity\src -I.pio\build\native_test_base\unity_config -I.pio\build\native_test_base\unity_config -Itest\test_motor_control -Itest -Iinclude -Isrc -Itest\include -Itest\include\driver src\main.cpp

Processing test_motor_manager in native_test_base environment
--------------------------------------------------------------------------------
Building...
LDF: Library Dependency Finder -> https://bit.ly/configure-pio-ldf
LDF Modes: Finder ~ chain, Compatibility ~ soft
Found 2 compatible libraries
Scanning dependencies...
Dependency Graph
|-- Unity @ 2.6.0 (License: MIT, Path: C:\Projects\MotionControlSystem\.pio\libdeps\native_test_base\Unity)
Building in test mode
g++ -o .pio\build\native_test_base\test\test_motor_manager\test_motor_manager.o -c -std=c++11 -DPLATFORMIO=60117 -DUNITY_INCLUDE_CONFIG_H -DPIO_UNIT_TESTING -DUNIT_TEST -DUNITY_INCLUDE_CONFIG_H -I.pio\libdeps\native_test_base\Unity\src -I.pio\build\native_test_base\unity_config -I.pio\build\native_test_base\unity_config -Itest\test_motor_manager -Itest -Iinclude -Isrc -Itest\include -Itest\include\driver test\test_motor_manager\test_motor_manager.cpp
g++ -o .pio\build\native_test_base\src\MotorManager.o -c -std=c++11 -DPLATFORMIO=60117 -DUNITY_INCLUDE_CONFIG_H -DPIO_UNIT_TESTING -DUNIT_TEST -DUNITY_INCLUDE_CONFIG_H -I.pio\libdeps\native_test_base\Unity\src -I.pio\build\native_test_base\unity_config -I.pio\build\native_test_base\unity_config -Itest\test_motor_manager -Itest -Iinclude -Isrc -Itest\include -Itest\include\driver src\MotorManager.cpp
g++ -o .pio\build\native_test_base\src\SystemManager.o -c -std=c++11 -DPLATFORMIO=60117 -DUNITY_INCLUDE_CONFIG_H -DPIO_UNIT_TESTING -DUNIT_TEST -DUNITY_INCLUDE_CONFIG_H -I.pio\libdeps\native_test_base\Unity\src -I.pio\build\native_test_base\unity_config -I.pio\build\native_test_base\unity_config -Itest\test_motor_manager -Itest -Iinclude -Isrc -Itest\include -Itest\include\driver src\SystemManager.cpp
g++ -o .pio\build\native_test_base\src\communication\CommandProtocol.o -c -std=c++11 -DPLATFORMIO=60117 -DUNITY_INCLUDE_CONFIG_H -DPIO_UNIT_TESTING -DUNIT_TEST -DUNITY_INCLUDE_CONFIG_H -I.pio\libdeps\native_test_base\Unity\src -I.pio\build\native_test_base\unity_config -I.pio\build\native_test_base\unity_config -Itest\test_motor_manager -Itest -Iinclude -Isrc -Itest\include -Itest\include\driver src\communication\CommandProtocol.cpp
g++ -o .pio\build\native_test_base\src\communication\SerialCommand.o -c -std=c++11 -DPLATFORMIO=60117 -DUNITY_INCLUDE_CONFIG_H -DPIO_UNIT_TESTING -DUNIT_TEST -DUNITY_INCLUDE_CONFIG_H -I.pio\libdeps\native_test_base\Unity\src -I.pio\build\native_test_base\unity_config -I.pio\build\native_test_base\unity_config -Itest\test_motor_manager -Itest -Iinclude -Isrc -Itest\include -Itest\include\driver src\communication\SerialCommand.cpp
g++ -o .pio\build\native_test_base\src\communication\StatusReporter.o -c -std=c++11 -DPLATFORMIO=60117 -DUNITY_INCLUDE_CONFIG_H -DPIO_UNIT_TESTING -DUNIT_TEST -DUNITY_INCLUDE_CONFIG_H -I.pio\libdeps\native_test_base\Unity\src -I.pio\build\native_test_base\unity_config -I.pio\build\native_test_base\unity_config -Itest\test_motor_manager -Itest -Iinclude -Isrc -Itest\include -Itest\include\driver src\communication\StatusReporter.cpp
g++ -o .pio\build\native_test_base\src\core\Encoder.o -c -std=c++11 -DPLATFORMIO=60117 -DUNITY_INCLUDE_CONFIG_H -DPIO_UNIT_TESTING -DUNIT_TEST -DUNITY_INCLUDE_CONFIG_H -I.pio\libdeps\native_test_base\Unity\src -I.pio\build\native_test_base\unity_config -I.pio\build\native_test_base\unity_config -Itest\test_motor_manager -Itest -Iinclude -Isrc -Itest\include -Itest\include\driver src\core\Encoder.cpp
g++ -o .pio\build\native_test_base\src\core\Motor.o -c -std=c++11 -DPLATFORMIO=60117 -DUNITY_INCLUDE_CONFIG_H -DPIO_UNIT_TESTING -DUNIT_TEST -DUNITY_INCLUDE_CONFIG_H -I.pio\libdeps\native_test_base\Unity\src -I.pio\build\native_test_base\unity_config -I.pio\build\native_test_base\unity_config -Itest\test_motor_manager -Itest -Iinclude -Isrc -Itest\include -Itest\include\driver src\core\Motor.cpp
g++ -o .pio\build\native_test_base\src\core\SafetyMonitor.o -c -std=c++11 -DPLATFORMIO=60117 -DUNITY_INCLUDE_CONFIG_H -DPIO_UNIT_TESTING -DUNIT_TEST -DUNITY_INCLUDE_CONFIG_H -I.pio\libdeps\native_test_base\Unity\src -I.pio\build\native_test_base\unity_config -I.pio\build\native_test_base\unity_config -Itest\test_motor_manager -Itest -Iinclude -Isrc -Itest\include -Itest\include\driver src\core\SafetyMonitor.cpp
g++ -o .pio\build\native_test_base\src\hardware\GPIOManager.o -c -std=c++11 -DPLATFORMIO=60117 -DUNITY_INCLUDE_CONFIG_H -DPIO_UNIT_TESTING -DUNIT_TEST -DUNITY_INCLUDE_CONFIG_H -I.pio\libdeps\native_test_base\Unity\src -I.pio\build\native_test_base\unity_config -I.pio\build\native_test_base\unity_config -Itest\test_motor_manager -Itest -Iinclude -Isrc -Itest\include -Itest\include\driver src\hardware\GPIOManager.cpp
g++ -o .pio\build\native_test_base\src\hardware\TimerManager.o -c -std=c++11 -DPLATFORMIO=60117 -DUNITY_INCLUDE_CONFIG_H -DPIO_UNIT_TESTING -DUNIT_TEST -DUNITY_INCLUDE_CONFIG_H -I.pio\libdeps\native_test_base\Unity\src -I.pio\build\native_test_base\unity_config -I.pio\build\native_test_base\unity_config -Itest\test_motor_manager -Itest -Iinclude -Isrc -Itest\include -Itest\include\driver src\hardware\TimerManager.cpp
g++ -o .pio\build\native_test_base\src\hardware\drivers\StepperDriver.o -c -std=c++11 -DPLATFORMIO=60117 -DUNITY_INCLUDE_CONFIG_H -DPIO_UNIT_TESTING -DUNIT_TEST -DUNITY_INCLUDE_CONFIG_H -I.pio\libdeps\native_test_base\Unity\src -I.pio\build\native_test_base\unity_config -I.pio\build\native_test_base\unity_config -Itest\test_motor_manager -Itest -Iinclude -Isrc -Itest\include -Itest\include\driver src\hardware\drivers\StepperDriver.cpp

Processing test_pid_controller in native_test_base environment
--------------------------------------------------------------------------------
Building...
LDF: Library Dependency Finder -> https://bit.ly/configure-pio-ldf
LDF Modes: Finder ~ chain, Compatibility ~ soft
Found 2 compatible libraries
Scanning dependencies...
Dependency Graph
|-- Unity @ 2.6.0 (License: MIT, Path: C:\Projects\MotionControlSystem\.pio\libdeps\native_test_base\Unity)
Building in test mode
g++ -o .pio\build\native_test_base\test\test_pid_controller\test_pid_controller.o -c -std=c++11 -DPLATFORMIO=60117 -DUNITY_INCLUDE_CONFIG_H -DPIO_UNIT_TESTING -DUNIT_TEST -DUNITY_INCLUDE_CONFIG_H -I.pio\libdeps\native_test_base\Unity\src -I.pio\build\native_test_base\unity_config -I.pio\build\native_test_base\unity_config -Itest\test_pid_controller -Itest -Iinclude -Isrc -Itest\include -Itest\include\driver test\test_pid_controller\test_pid_controller.cpp
g++ -o .pio\build\native_test_base\src\MotorManager.o -c -std=c++11 -DPLATFORMIO=60117 -DUNITY_INCLUDE_CONFIG_H -DPIO_UNIT_TESTING -DUNIT_TEST -DUNITY_INCLUDE_CONFIG_H -I.pio\libdeps\native_test_base\Unity\src -I.pio\build\native_test_base\unity_config -I.pio\build\native_test_base\unity_config -Itest\test_pid_controller -Itest -Iinclude -Isrc -Itest\include -Itest\include\driver src\MotorManager.cpp
g++ -o .pio\build\native_test_base\src\SystemManager.o -c -std=c++11 -DPLATFORMIO=60117 -DUNITY_INCLUDE_CONFIG_H -DPIO_UNIT_TESTING -DUNIT_TEST -DUNITY_INCLUDE_CONFIG_H -I.pio\libdeps\native_test_base\Unity\src -I.pio\build\native_test_base\unity_config -I.pio\build\native_test_base\unity_config -Itest\test_pid_controller -Itest -Iinclude -Isrc -Itest\include -Itest\include\driver src\SystemManager.cpp
g++ -o .pio\build\native_test_base\src\communication\CommandProtocol.o -c -std=c++11 -DPLATFORMIO=60117 -DUNITY_INCLUDE_CONFIG_H -DPIO_UNIT_TESTING -DUNIT_TEST -DUNITY_INCLUDE_CONFIG_H -I.pio\libdeps\native_test_base\Unity\src -I.pio\build\native_test_base\unity_config -I.pio\build\native_test_base\unity_config -Itest\test_pid_controller -Itest -Iinclude -Isrc -Itest\include -Itest\include\driver src\communication\CommandProtocol.cpp
g++ -o .pio\build\native_test_base\src\communication\SerialCommand.o -c -std=c++11 -DPLATFORMIO=60117 -DUNITY_INCLUDE_CONFIG_H -DPIO_UNIT_TESTING -DUNIT_TEST -DUNITY_INCLUDE_CONFIG_H -I.pio\libdeps\native_test_base\Unity\src -I.pio\build\native_test_base\unity_config -I.pio\build\native_test_base\unity_config -Itest\test_pid_controller -Itest -Iinclude -Isrc -Itest\include -Itest\include\driver src\communication\SerialCommand.cpp
g++ -o .pio\build\native_test_base\src\communication\StatusReporter.o -c -std=c++11 -DPLATFORMIO=60117 -DUNITY_INCLUDE_CONFIG_H -DPIO_UNIT_TESTING -DUNIT_TEST -DUNITY_INCLUDE_CONFIG_H -I.pio\libdeps\native_test_base\Unity\src -I.pio\build\native_test_base\unity_config -I.pio\build\native_test_base\unity_config -Itest\test_pid_controller -Itest -Iinclude -Isrc -Itest\include -Itest\include\driver src\communication\StatusReporter.cpp
g++ -o .pio\build\native_test_base\src\core\Encoder.o -c -std=c++11 -DPLATFORMIO=60117 -DUNITY_INCLUDE_CONFIG_H -DPIO_UNIT_TESTING -DUNIT_TEST -DUNITY_INCLUDE_CONFIG_H -I.pio\libdeps\native_test_base\Unity\src -I.pio\build\native_test_base\unity_config -I.pio\build\native_test_base\unity_config -Itest\test_pid_controller -Itest -Iinclude -Isrc -Itest\include -Itest\include\driver src\core\Encoder.cpp
g++ -o .pio\build\native_test_base\src\core\Motor.o -c -std=c++11 -DPLATFORMIO=60117 -DUNITY_INCLUDE_CONFIG_H -DPIO_UNIT_TESTING -DUNIT_TEST -DUNITY_INCLUDE_CONFIG_H -I.pio\libdeps\native_test_base\Unity\src -I.pio\build\native_test_base\unity_config -I.pio\build\native_test_base\unity_config -Itest\test_pid_controller -Itest -Iinclude -Isrc -Itest\include -Itest\include\driver src\core\Motor.cpp
g++ -o .pio\build\native_test_base\src\core\SafetyMonitor.o -c -std=c++11 -DPLATFORMIO=60117 -DUNITY_INCLUDE_CONFIG_H -DPIO_UNIT_TESTING -DUNIT_TEST -DUNITY_INCLUDE_CONFIG_H -I.pio\libdeps\native_test_base\Unity\src -I.pio\build\native_test_base\unity_config -I.pio\build\native_test_base\unity_config -Itest\test_pid_controller -Itest -Iinclude -Isrc -Itest\include -Itest\include\driver src\core\SafetyMonitor.cpp
g++ -o .pio\build\native_test_base\src\hardware\GPIOManager.o -c -std=c++11 -DPLATFORMIO=60117 -DUNITY_INCLUDE_CONFIG_H -DPIO_UNIT_TESTING -DUNIT_TEST -DUNITY_INCLUDE_CONFIG_H -I.pio\libdeps\native_test_base\Unity\src -I.pio\build\native_test_base\unity_config -I.pio\build\native_test_base\unity_config -Itest\test_pid_controller -Itest -Iinclude -Isrc -Itest\include -Itest\include\driver src\hardware\GPIOManager.cpp
g++ -o .pio\build\native_test_base\src\hardware\TimerManager.o -c -std=c++11 -DPLATFORMIO=60117 -DUNITY_INCLUDE_CONFIG_H -DPIO_UNIT_TESTING -DUNIT_TEST -DUNITY_INCLUDE_CONFIG_H -I.pio\libdeps\native_test_base\Unity\src -I.pio\build\native_test_base\unity_config -I.pio\build\native_test_base\unity_config -Itest\test_pid_controller -Itest -Iinclude -Isrc -Itest\include -Itest\include\driver src\hardware\TimerManager.cpp
g++ -o .pio\build\native_test_base\src\hardware\drivers\StepperDriver.o -c -std=c++11 -DPLATFORMIO=60117 -DUNITY_INCLUDE_CONFIG_H -DPIO_UNIT_TESTING -DUNIT_TEST -DUNITY_INCLUDE_CONFIG_H -I.pio\libdeps\native_test_base\Unity\src -I.pio\build\native_test_base\unity_config -I.pio\build\native_test_base\unity_config -Itest\test_pid_controller -Itest -Iinclude -Isrc -Itest\include -Itest\include\driver src\hardware\drivers\StepperDriver.cpp

Processing test_safety_monitor in native_test_base environment
--------------------------------------------------------------------------------
Building...
LDF: Library Dependency Finder -> https://bit.ly/configure-pio-ldf
LDF Modes: Finder ~ chain, Compatibility ~ soft
Found 2 compatible libraries
Scanning dependencies...
Dependency Graph
|-- Unity @ 2.6.0 (License: MIT, Path: C:\Projects\MotionControlSystem\.pio\libdeps\native_test_base\Unity)
Building in test mode
g++ -o .pio\build\native_test_base\test\test_safety_monitor\test_safety_monitor.o -c -std=c++11 -DPLATFORMIO=60117 -DUNITY_INCLUDE_CONFIG_H -DPIO_UNIT_TESTING -DUNIT_TEST -DUNITY_INCLUDE_CONFIG_H -I.pio\libdeps\native_test_base\Unity\src -I.pio\build\native_test_base\unity_config -I.pio\build\native_test_base\unity_config -Itest\test_safety_monitor -Itest -Iinclude -Isrc -Itest\include -Itest\include\driver test\test_safety_monitor\test_safety_monitor.cpp
g++ -o .pio\build\native_test_base\src\MotorManager.o -c -std=c++11 -DPLATFORMIO=60117 -DUNITY_INCLUDE_CONFIG_H -DPIO_UNIT_TESTING -DUNIT_TEST -DUNITY_INCLUDE_CONFIG_H -I.pio\libdeps\native_test_base\Unity\src -I.pio\build\native_test_base\unity_config -I.pio\build\native_test_base\unity_config -Itest\test_safety_monitor -Itest -Iinclude -Isrc -Itest\include -Itest\include\driver src\MotorManager.cpp
g++ -o .pio\build\native_test_base\src\SystemManager.o -c -std=c++11 -DPLATFORMIO=60117 -DUNITY_INCLUDE_CONFIG_H -DPIO_UNIT_TESTING -DUNIT_TEST -DUNITY_INCLUDE_CONFIG_H -I.pio\libdeps\native_test_base\Unity\src -I.pio\build\native_test_base\unity_config -I.pio\build\native_test_base\unity_config -Itest\test_safety_monitor -Itest -Iinclude -Isrc -Itest\include -Itest\include\driver src\SystemManager.cpp
g++ -o .pio\build\native_test_base\src\communication\CommandProtocol.o -c -std=c++11 -DPLATFORMIO=60117 -DUNITY_INCLUDE_CONFIG_H -DPIO_UNIT_TESTING -DUNIT_TEST -DUNITY_INCLUDE_CONFIG_H -I.pio\libdeps\native_test_base\Unity\src -I.pio\build\native_test_base\unity_config -I.pio\build\native_test_base\unity_config -Itest\test_safety_monitor -Itest -Iinclude -Isrc -Itest\include -Itest\include\driver src\communication\CommandProtocol.cpp
g++ -o .pio\build\native_test_base\src\communication\SerialCommand.o -c -std=c++11 -DPLATFORMIO=60117 -DUNITY_INCLUDE_CONFIG_H -DPIO_UNIT_TESTING -DUNIT_TEST -DUNITY_INCLUDE_CONFIG_H -I.pio\libdeps\native_test_base\Unity\src -I.pio\build\native_test_base\unity_config -I.pio\build\native_test_base\unity_config -Itest\test_safety_monitor -Itest -Iinclude -Isrc -Itest\include -Itest\include\driver src\communication\SerialCommand.cpp
g++ -o .pio\build\native_test_base\src\communication\StatusReporter.o -c -std=c++11 -DPLATFORMIO=60117 -DUNITY_INCLUDE_CONFIG_H -DPIO_UNIT_TESTING -DUNIT_TEST -DUNITY_INCLUDE_CONFIG_H -I.pio\libdeps\native_test_base\Unity\src -I.pio\build\native_test_base\unity_config -I.pio\build\native_test_base\unity_config -Itest\test_safety_monitor -Itest -Iinclude -Isrc -Itest\include -Itest\include\driver src\communication\StatusReporter.cpp
g++ -o .pio\build\native_test_base\src\core\Encoder.o -c -std=c++11 -DPLATFORMIO=60117 -DUNITY_INCLUDE_CONFIG_H -DPIO_UNIT_TESTING -DUNIT_TEST -DUNITY_INCLUDE_CONFIG_H -I.pio\libdeps\native_test_base\Unity\src -I.pio\build\native_test_base\unity_config -I.pio\build\native_test_base\unity_config -Itest\test_safety_monitor -Itest -Iinclude -Isrc -Itest\include -Itest\include\driver src\core\Encoder.cpp
g++ -o .pio\build\native_test_base\src\core\Motor.o -c -std=c++11 -DPLATFORMIO=60117 -DUNITY_INCLUDE_CONFIG_H -DPIO_UNIT_TESTING -DUNIT_TEST -DUNITY_INCLUDE_CONFIG_H -I.pio\libdeps\native_test_base\Unity\src -I.pio\build\native_test_base\unity_config -I.pio\build\native_test_base\unity_config -Itest\test_safety_monitor -Itest -Iinclude -Isrc -Itest\include -Itest\include\driver src\core\Motor.cpp
g++ -o .pio\build\native_test_base\src\core\SafetyMonitor.o -c -std=c++11 -DPLATFORMIO=60117 -DUNITY_INCLUDE_CONFIG_H -DPIO_UNIT_TESTING -DUNIT_TEST -DUNITY_INCLUDE_CONFIG_H -I.pio\libdeps\native_test_base\Unity\src -I.pio\build\native_test_base\unity_config -I.pio\build\native_test_base\unity_config -Itest\test_safety_monitor -Itest -Iinclude -Isrc -Itest\include -Itest\include\driver src\core\SafetyMonitor.cpp
g++ -o .pio\build\native_test_base\src\hardware\GPIOManager.o -c -std=c++11 -DPLATFORMIO=60117 -DUNITY_INCLUDE_CONFIG_H -DPIO_UNIT_TESTING -DUNIT_TEST -DUNITY_INCLUDE_CONFIG_H -I.pio\libdeps\native_test_base\Unity\src -I.pio\build\native_test_base\unity_config -I.pio\build\native_test_base\unity_config -Itest\test_safety_monitor -Itest -Iinclude -Isrc -Itest\include -Itest\include\driver src\hardware\GPIOManager.cpp
g++ -o .pio\build\native_test_base\src\hardware\TimerManager.o -c -std=c++11 -DPLATFORMIO=60117 -DUNITY_INCLUDE_CONFIG_H -DPIO_UNIT_TESTING -DUNIT_TEST -DUNITY_INCLUDE_CONFIG_H -I.pio\libdeps\native_test_base\Unity\src -I.pio\build\native_test_base\unity_config -I.pio\build\native_test_base\unity_config -Itest\test_safety_monitor -Itest -Iinclude -Isrc -Itest\include -Itest\include\driver src\hardware\TimerManager.cpp
g++ -o .pio\build\native_test_base\src\hardware\drivers\StepperDriver.o -c -std=c++11 -DPLATFORMIO=60117 -DUNITY_INCLUDE_CONFIG_H -DPIO_UNIT_TESTING -DUNIT_TEST -DUNITY_INCLUDE_CONFIG_H -I.pio\libdeps\native_test_base\Unity\src -I.pio\build\native_test_base\unity_config -I.pio\build\native_test_base\unity_config -Itest\test_safety_monitor -Itest -Iinclude -Isrc -Itest\include -Itest\include\driver src\hardware\drivers\StepperDriver.cpp

Processing test_system_manager in native_test_base environment
--------------------------------------------------------------------------------
Building...
LDF: Library Dependency Finder -> https://bit.ly/configure-pio-ldf
LDF Modes: Finder ~ chain, Compatibility ~ soft
Found 2 compatible libraries
Scanning dependencies...
Dependency Graph
|-- Unity @ 2.6.0 (License: MIT, Path: C:\Projects\MotionControlSystem\.pio\libdeps\native_test_base\Unity)
Building in test mode
g++ -o .pio\build\native_test_base\test\test_system_manager\test_system_manager.o -c -std=c++11 -DPLATFORMIO=60117 -DUNITY_INCLUDE_CONFIG_H -DPIO_UNIT_TESTING -DUNIT_TEST -DUNITY_INCLUDE_CONFIG_H -I.pio\libdeps\native_test_base\Unity\src -I.pio\build\native_test_base\unity_config -I.pio\build\native_test_base\unity_config -Itest\test_system_manager -Itest -Iinclude -Isrc -Itest\include -Itest\include\driver test\test_system_manager\test_system_manager.cpp
g++ -o .pio\build\native_test_base\src\MotorManager.o -c -std=c++11 -DPLATFORMIO=60117 -DUNITY_INCLUDE_CONFIG_H -DPIO_UNIT_TESTING -DUNIT_TEST -DUNITY_INCLUDE_CONFIG_H -I.pio\libdeps\native_test_base\Unity\src -I.pio\build\native_test_base\unity_config -I.pio\build\native_test_base\unity_config -Itest\test_system_manager -Itest -Iinclude -Isrc -Itest\include -Itest\include\driver src\MotorManager.cpp
g++ -o .pio\build\native_test_base\src\SystemManager.o -c -std=c++11 -DPLATFORMIO=60117 -DUNITY_INCLUDE_CONFIG_H -DPIO_UNIT_TESTING -DUNIT_TEST -DUNITY_INCLUDE_CONFIG_H -I.pio\libdeps\native_test_base\Unity\src -I.pio\build\native_test_base\unity_config -I.pio\build\native_test_base\unity_config -Itest\test_system_manager -Itest -Iinclude -Isrc -Itest\include -Itest\include\driver src\SystemManager.cpp
g++ -o .pio\build\native_test_base\src\communication\CommandProtocol.o -c -std=c++11 -DPLATFORMIO=60117 -DUNITY_INCLUDE_CONFIG_H -DPIO_UNIT_TESTING -DUNIT_TEST -DUNITY_INCLUDE_CONFIG_H -I.pio\libdeps\native_test_base\Unity\src -I.pio\build\native_test_base\unity_config -I.pio\build\native_test_base\unity_config -Itest\test_system_manager -Itest -Iinclude -Isrc -Itest\include -Itest\include\driver src\communication\CommandProtocol.cpp
g++ -o .pio\build\native_test_base\src\communication\SerialCommand.o -c -std=c++11 -DPLATFORMIO=60117 -DUNITY_INCLUDE_CONFIG_H -DPIO_UNIT_TESTING -DUNIT_TEST -DUNITY_INCLUDE_CONFIG_H -I.pio\libdeps\native_test_base\Unity\src -I.pio\build\native_test_base\unity_config -I.pio\build\native_test_base\unity_config -Itest\test_system_manager -Itest -Iinclude -Isrc -Itest\include -Itest\include\driver src\communication\SerialCommand.cpp
g++ -o .pio\build\native_test_base\src\communication\StatusReporter.o -c -std=c++11 -DPLATFORMIO=60117 -DUNITY_INCLUDE_CONFIG_H -DPIO_UNIT_TESTING -DUNIT_TEST -DUNITY_INCLUDE_CONFIG_H -I.pio\libdeps\native_test_base\Unity\src -I.pio\build\native_test_base\unity_config -I.pio\build\native_test_base\unity_config -Itest\test_system_manager -Itest -Iinclude -Isrc -Itest\include -Itest\include\driver src\communication\StatusReporter.cpp
g++ -o .pio\build\native_test_base\src\core\Encoder.o -c -std=c++11 -DPLATFORMIO=60117 -DUNITY_INCLUDE_CONFIG_H -DPIO_UNIT_TESTING -DUNIT_TEST -DUNITY_INCLUDE_CONFIG_H -I.pio\libdeps\native_test_base\Unity\src -I.pio\build\native_test_base\unity_config -I.pio\build\native_test_base\unity_config -Itest\test_system_manager -Itest -Iinclude -Isrc -Itest\include -Itest\include\driver src\core\Encoder.cpp
g++ -o .pio\build\native_test_base\src\core\Motor.o -c -std=c++11 -DPLATFORMIO=60117 -DUNITY_INCLUDE_CONFIG_H -DPIO_UNIT_TESTING -DUNIT_TEST -DUNITY_INCLUDE_CONFIG_H -I.pio\libdeps\native_test_base\Unity\src -I.pio\build\native_test_base\unity_config -I.pio\build\native_test_base\unity_config -Itest\test_system_manager -Itest -Iinclude -Isrc -Itest\include -Itest\include\driver src\core\Motor.cpp
g++ -o .pio\build\native_test_base\src\core\SafetyMonitor.o -c -std=c++11 -DPLATFORMIO=60117 -DUNITY_INCLUDE_CONFIG_H -DPIO_UNIT_TESTING -DUNIT_TEST -DUNITY_INCLUDE_CONFIG_H -I.pio\libdeps\native_test_base\Unity\src -I.pio\build\native_test_base\unity_config -I.pio\build\native_test_base\unity_config -Itest\test_system_manager -Itest -Iinclude -Isrc -Itest\include -Itest\include\driver src\core\SafetyMonitor.cpp
g++ -o .pio\build\native_test_base\src\hardware\GPIOManager.o -c -std=c++11 -DPLATFORMIO=60117 -DUNITY_INCLUDE_CONFIG_H -DPIO_UNIT_TESTING -DUNIT_TEST -DUNITY_INCLUDE_CONFIG_H -I.pio\libdeps\native_test_base\Unity\src -I.pio\build\native_test_base\unity_config -I.pio\build\native_test_base\unity_config -Itest\test_system_manager -Itest -Iinclude -Isrc -Itest\include -Itest\include\driver src\hardware\GPIOManager.cpp
g++ -o .pio\build\native_test_base\src\hardware\TimerManager.o -c -std=c++11 -DPLATFORMIO=60117 -DUNITY_INCLUDE_CONFIG_H -DPIO_UNIT_TESTING -DUNIT_TEST -DUNITY_INCLUDE_CONFIG_H -I.pio\libdeps\native_test_base\Unity\src -I.pio\build\native_test_base\unity_config -I.pio\build\native_test_base\unity_config -Itest\test_system_manager -Itest -Iinclude -Isrc -Itest\include -Itest\include\driver src\hardware\TimerManager.cpp
g++ -o .pio\build\native_test_base\src\hardware\drivers\StepperDriver.o -c -std=c++11 -DPLATFORMIO=60117 -DUNITY_INCLUDE_CONFIG_H -DPIO_UNIT_TESTING -DUNIT_TEST -DUNITY_INCLUDE_CONFIG_H -I.pio\libdeps\native_test_base\Unity\src -I.pio\build\native_test_base\unity_config -I.pio\build\native_test_base\unity_config -Itest\test_system_manager -Itest -Iinclude -Isrc -Itest\include -Itest\include\driver src\hardware\drivers\StepperDriver.cpp

Processing test_trajectory_planner in native_test_base environment
--------------------------------------------------------------------------------
Building...
LDF: Library Dependency Finder -> https://bit.ly/configure-pio-ldf
LDF Modes: Finder ~ chain, Compatibility ~ soft
Found 2 compatible libraries
Scanning dependencies...
Dependency Graph
|-- Unity @ 2.6.0 (License: MIT, Path: C:\Projects\MotionControlSystem\.pio\libdeps\native_test_base\Unity)
Building in test mode
g++ -o .pio\build\native_test_base\test\test_trajectory_planner\test_trajectory_planner.o -c -std=c++11 -DPLATFORMIO=60117 -DUNITY_INCLUDE_CONFIG_H -DPIO_UNIT_TESTING -DUNIT_TEST -DUNITY_INCLUDE_CONFIG_H -I.pio\libdeps\native_test_base\Unity\src -I.pio\build\native_test_base\unity_config -I.pio\build\native_test_base\unity_config -Itest\test_trajectory_planner -Itest -Iinclude -Isrc -Itest\include -Itest\include\driver test\test_trajectory_planner\test_trajectory_planner.cpp
g++ -o .pio\build\native_test_base\src\MotorManager.o -c -std=c++11 -DPLATFORMIO=60117 -DUNITY_INCLUDE_CONFIG_H -DPIO_UNIT_TESTING -DUNIT_TEST -DUNITY_INCLUDE_CONFIG_H -I.pio\libdeps\native_test_base\Unity\src -I.pio\build\native_test_base\unity_config -I.pio\build\native_test_base\unity_config -Itest\test_trajectory_planner -Itest -Iinclude -Isrc -Itest\include -Itest\include\driver src\MotorManager.cpp
g++ -o .pio\build\native_test_base\src\SystemManager.o -c -std=c++11 -DPLATFORMIO=60117 -DUNITY_INCLUDE_CONFIG_H -DPIO_UNIT_TESTING -DUNIT_TEST -DUNITY_INCLUDE_CONFIG_H -I.pio\libdeps\native_test_base\Unity\src -I.pio\build\native_test_base\unity_config -I.pio\build\native_test_base\unity_config -Itest\test_trajectory_planner -Itest -Iinclude -Isrc -Itest\include -Itest\include\driver src\SystemManager.cpp
g++ -o .pio\build\native_test_base\src\communication\CommandProtocol.o -c -std=c++11 -DPLATFORMIO=60117 -DUNITY_INCLUDE_CONFIG_H -DPIO_UNIT_TESTING -DUNIT_TEST -DUNITY_INCLUDE_CONFIG_H -I.pio\libdeps\native_test_base\Unity\src -I.pio\build\native_test_base\unity_config -I.pio\build\native_test_base\unity_config -Itest\test_trajectory_planner -Itest -Iinclude -Isrc -Itest\include -Itest\include\driver src\communication\CommandProtocol.cpp
g++ -o .pio\build\native_test_base\src\communication\SerialCommand.o -c -std=c++11 -DPLATFORMIO=60117 -DUNITY_INCLUDE_CONFIG_H -DPIO_UNIT_TESTING -DUNIT_TEST -DUNITY_INCLUDE_CONFIG_H -I.pio\libdeps\native_test_base\Unity\src -I.pio\build\native_test_base\unity_config -I.pio\build\native_test_base\unity_config -Itest\test_trajectory_planner -Itest -Iinclude -Isrc -Itest\include -Itest\include\driver src\communication\SerialCommand.cpp
g++ -o .pio\build\native_test_base\src\communication\StatusReporter.o -c -std=c++11 -DPLATFORMIO=60117 -DUNITY_INCLUDE_CONFIG_H -DPIO_UNIT_TESTING -DUNIT_TEST -DUNITY_INCLUDE_CONFIG_H -I.pio\libdeps\native_test_base\Unity\src -I.pio\build\native_test_base\unity_config -I.pio\build\native_test_base\unity_config -Itest\test_trajectory_planner -Itest -Iinclude -Isrc -Itest\include -Itest\include\driver src\communication\StatusReporter.cpp
g++ -o .pio\build\native_test_base\src\core\Encoder.o -c -std=c++11 -DPLATFORMIO=60117 -DUNITY_INCLUDE_CONFIG_H -DPIO_UNIT_TESTING -DUNIT_TEST -DUNITY_INCLUDE_CONFIG_H -I.pio\libdeps\native_test_base\Unity\src -I.pio\build\native_test_base\unity_config -I.pio\build\native_test_base\unity_config -Itest\test_trajectory_planner -Itest -Iinclude -Isrc -Itest\include -Itest\include\driver src\core\Encoder.cpp
g++ -o .pio\build\native_test_base\src\core\Motor.o -c -std=c++11 -DPLATFORMIO=60117 -DUNITY_INCLUDE_CONFIG_H -DPIO_UNIT_TESTING -DUNIT_TEST -DUNITY_INCLUDE_CONFIG_H -I.pio\libdeps\native_test_base\Unity\src -I.pio\build\native_test_base\unity_config -I.pio\build\native_test_base\unity_config -Itest\test_trajectory_planner -Itest -Iinclude -Isrc -Itest\include -Itest\include\driver src\core\Motor.cpp
g++ -o .pio\build\native_test_base\src\core\SafetyMonitor.o -c -std=c++11 -DPLATFORMIO=60117 -DUNITY_INCLUDE_CONFIG_H -DPIO_UNIT_TESTING -DUNIT_TEST -DUNITY_INCLUDE_CONFIG_H -I.pio\libdeps\native_test_base\Unity\src -I.pio\build\native_test_base\unity_config -I.pio\build\native_test_base\unity_config -Itest\test_trajectory_planner -Itest -Iinclude -Isrc -Itest\include -Itest\include\driver src\core\SafetyMonitor.cpp
g++ -o .pio\build\native_test_base\src\hardware\GPIOManager.o -c -std=c++11 -DPLATFORMIO=60117 -DUNITY_INCLUDE_CONFIG_H -DPIO_UNIT_TESTING -DUNIT_TEST -DUNITY_INCLUDE_CONFIG_H -I.pio\libdeps\native_test_base\Unity\src -I.pio\build\native_test_base\unity_config -I.pio\build\native_test_base\unity_config -Itest\test_trajectory_planner -Itest -Iinclude -Isrc -Itest\include -Itest\include\driver src\hardware\GPIOManager.cpp
g++ -o .pio\build\native_test_base\src\hardware\TimerManager.o -c -std=c++11 -DPLATFORMIO=60117 -DUNITY_INCLUDE_CONFIG_H -DPIO_UNIT_TESTING -DUNIT_TEST -DUNITY_INCLUDE_CONFIG_H -I.pio\libdeps\native_test_base\Unity\src -I.pio\build\native_test_base\unity_config -I.pio\build\native_test_base\unity_config -Itest\test_trajectory_planner -Itest -Iinclude -Isrc -Itest\include -Itest\include\driver src\hardware\TimerManager.cpp
g++ -o .pio\build\native_test_base\src\hardware\drivers\StepperDriver.o -c -std=c++11 -DPLATFORMIO=60117 -DUNITY_INCLUDE_CONFIG_H -DPIO_UNIT_TESTING -DUNIT_TEST -DUNITY_INCLUDE_CONFIG_H -I.pio\libdeps\native_test_base\Unity\src -I.pio\build\native_test_base\unity_config -I.pio\build\native_test_base\unity_config -Itest\test_trajectory_planner -Itest -Iinclude -Isrc -Itest\include -Itest\include\driver src\hardware\drivers\StepperDriver.cpp

